// Jest Snapshot v1, https://goo.gl/fbAQLP

exports[`<CacheIndications /> should render component 1`] = `
<DocumentFragment>
  <div
    class="MuiGrid-root MuiGrid-container MuiGrid-spacing-xs-1 MuiGrid-wrap-xs-nowrap css-197xwf4-MuiGrid-root"
  >
    <div
      class="MuiGrid-root MuiGrid-item css-13i4rnv-MuiGrid-root"
    >
      <div
        class="MuiGrid-root MuiGrid-container MuiGrid-wrap-xs-nowrap  css-1r3g9y3-MuiGrid-root"
        data-mui-internal-clone-element="true"
      >
        <div
          class="MuiGrid-root MuiGrid-item css-13i4rnv-MuiGrid-root"
        >
          <div
            class="MuiBox-root css-m7mu5h"
          >
            <svg
              aria-hidden="true"
              class="MuiSvgIcon-root MuiSvgIcon-colorPrimary MuiSvgIcon-fontSizeMedium css-1odohiz-MuiSvgIcon-root"
              data-testid="TimelapseIcon"
              focusable="false"
              viewBox="0 0 24 24"
            >
              <path
                d="M16.24 7.76C15.07 6.59 13.54 6 12 6v6l-4.24 4.24c2.34 2.34 6.14 2.34 8.49 0 2.34-2.34 2.34-6.14-.01-8.48zM12 2C6.48 2 2 6.48 2 12s4.48 10 10 10 10-4.48 10-10S17.52 2 12 2zm0 18c-4.42 0-8-3.58-8-8s3.58-8 8-8 8 3.58 8 8-3.58 8-8 8z"
              />
            </svg>
          </div>
        </div>
        <div
          class="MuiGrid-root MuiGrid-item css-13i4rnv-MuiGrid-root"
        >
          <div
            class="MuiBox-root css-1v6b619"
          >
            <span
              class="MuiTypography-root MuiTypography-caption css-1yem3ff-MuiTypography-root"
            >
              2 minutes saved
            </span>
          </div>
        </div>
      </div>
    </div>
    <div
      class="MuiGrid-root MuiGrid-item css-13i4rnv-MuiGrid-root"
    >
      <div
        class="MuiGrid-root MuiGrid-container MuiGrid-wrap-xs-nowrap  css-1r3g9y3-MuiGrid-root"
        data-mui-internal-clone-element="true"
      >
        <div
          class="MuiGrid-root MuiGrid-item MuiGrid-grid-xs-auto css-1tsghma-MuiGrid-root"
        >
          <div
            class="MuiBox-root css-m7mu5h"
          >
            <svg
              aria-hidden="true"
              class="MuiSvgIcon-root MuiSvgIcon-colorPrimary MuiSvgIcon-fontSizeMedium css-1dpwsto-MuiSvgIcon-root"
              data-testid="DnsIcon"
              focusable="false"
              viewBox="0 0 24 24"
            >
              <path
                d="M20 13H4c-.55 0-1 .45-1 1v6c0 .55.45 1 1 1h16c.55 0 1-.45 1-1v-6c0-.55-.45-1-1-1zM7 19c-1.1 0-2-.9-2-2s.9-2 2-2 2 .9 2 2-.9 2-2 2zM20 3H4c-.55 0-1 .45-1 1v6c0 .55.45 1 1 1h16c.55 0 1-.45 1-1V4c0-.55-.45-1-1-1zM7 9c-1.1 0-2-.9-2-2s.9-2 2-2 2 .9 2 2-.9 2-2 2z"
              />
            </svg>
          </div>
        </div>
        <div
          class="MuiGrid-root MuiGrid-item MuiGrid-grid-xs-auto css-1tsghma-MuiGrid-root"
        >
          <div
            class="MuiBox-root css-1v6b619"
          >
            <span
              class="MuiTypography-root MuiTypography-caption css-1yem3ff-MuiTypography-root"
            >
              50% from cache
            </span>
          </div>
        </div>
      </div>
    </div>
  </div>
</DocumentFragment>
`;
