// Jest Snapshot v1, https://goo.gl/fbAQLP

exports[`<Details /> should render the component 1`] = `
<DocumentFragment>
  <div
    class="MuiGrid-root MuiGrid-container MuiGrid-spacing-xs-3 css-zow5z4-MuiGrid-root"
  >
    <div
      class="MuiGrid-root MuiGrid-item MuiGrid-grid-xs-12 css-49904w-MuiGrid-root"
    >
      <h3
        class="MuiTypography-root MuiTypography-h3 css-1jj1m7t-MuiTypography-root"
      >
        Command
      </h3>
    </div>
    <div
      class="MuiGrid-root MuiGrid-item MuiGrid-grid-xs-12 css-49904w-MuiGrid-root"
    >
      <div
        class="MuiBox-root css-79elbk"
      >
        <pre
          class="MuiBox-root css-20w2bg"
        >
          <div
            class="MuiGrid-root MuiGrid-container css-11lq3yg-MuiGrid-root"
          >
            <div
              class="MuiGrid-root MuiGrid-item MuiGrid-grid-xs-12 css-49904w-MuiGrid-root"
            >
              some command a
            </div>
            <button
              aria-label="Copy text"
              class="MuiButtonBase-root MuiIconButton-root MuiIconButton-sizeLarge css-1fx451z-MuiButtonBase-root-MuiIconButton-root"
              tabindex="0"
              type="button"
            >
              <svg
                aria-hidden="true"
                class="MuiSvgIcon-root MuiSvgIcon-colorPrimary MuiSvgIcon-fontSizeMedium css-xcpd0a-MuiSvgIcon-root"
                data-testid="FileCopyIcon"
                focusable="false"
                viewBox="0 0 24 24"
              >
                <path
                  d="M16 1H4c-1.1 0-2 .9-2 2v14h2V3h12V1zm-1 4 6 6v10c0 1.1-.9 2-2 2H7.99C6.89 23 6 22.1 6 21l.01-14c0-1.1.89-2 1.99-2h7zm-1 7h5.5L14 6.5V12z"
                />
              </svg>
            </button>
          </div>
        </pre>
      </div>
    </div>
    <div
      class="MuiGrid-root MuiGrid-item MuiGrid-grid-xs-12 css-49904w-MuiGrid-root"
    >
      <button
        class="MuiButtonBase-root MuiButton-root MuiButton-text MuiButton-textPrimary MuiButton-sizeMedium MuiButton-textSizeMedium MuiButton-root MuiButton-text MuiButton-textPrimary MuiButton-sizeMedium MuiButton-textSizeMedium css-1ridyt-MuiButtonBase-root-MuiButton-root"
        tabindex="0"
        type="button"
      >
        <svg
          aria-hidden="true"
          class="MuiSvgIcon-root MuiSvgIcon-fontSizeMedium css-i4bv87-MuiSvgIcon-root"
          data-testid="ExpandMoreIcon"
          focusable="false"
          viewBox="0 0 24 24"
        >
          <path
            d="M16.59 8.59 12 13.17 7.41 8.59 6 10l6 6 6-6z"
          />
        </svg>
        <h3
          class="MuiTypography-root MuiTypography-h3 css-kn6dkz-MuiTypography-root"
        >
          SHOW MORE INFO
        </h3>
      </button>
    </div>
  </div>
</DocumentFragment>
`;
